INFO Config: full_gpu — Full GPU inference
INFO Results will be saved to results/run_23807580/
INFO Loading joined data from data/hawkins2020_characterizing_cued_joined.parquet ...
INFO Loaded 5971 rows
INFO Using all 83 games, 5971 trial-listener rows
INFO Loading image embeddings from cache...
INFO Loading text embeddings from cache...
INFO Building TrialBatch...
INFO Unable to initialize backend 'tpu': INTERNAL: Failed to open libtpu.so: libtpu.so: cannot open shared object file: No such file or directory
INFO Batch: 5971 trials  83 games  12 images  83 listeners
INFO Fitting literal listener (5000 SVI steps)...
INFO Listener fit done (6.6s) — mu_beta=-0.072  sigma_beta=1.549
INFO Per-listener log-beta (posterior means): [ 0.095 -0.156  0.041  0.154 -0.027  0.06  -0.127 -0.116 -0.079  0.04
  0.123  0.095  0.031 -0.047 -0.067  0.147 -0.019 -0.18   0.138  0.051
 -0.107 -0.046  0.009 -0.076 -0.125  0.009 -0.129  0.249  0.14   0.154
 -0.052 -0.071 -0.026  0.05   0.05  -0.102 -0.003  0.047  0.105 -0.231
  0.156 -0.079  0.103  0.011 -0.009  0.001  0.031  0.003 -0.016 -0.011
 -0.141 -0.093 -0.083 -0.242 -0.16  -0.161 -0.013 -0.054  0.037  0.076
 -0.173  0.016  0.037  0.033  0.123  0.046  0.108  0.095  0.026 -0.005
 -0.065 -0.152  0.006  0.041 -0.044 -0.163 -0.06   0.167  0.    -0.039
  0.082 -0.018 -0.001]
INFO Saved listener_fit.npz
INFO Computing R1 averages for mu_i init...
INFO Fitting convention model (8000 SVI steps)...
INFO Convention fit done (14.6s) — sigma_game=0.0161  sigma_min=1.1593  sigma_max=0.5088
INFO Saved convention_fit.npz
INFO Computing step sizes over reps (speaker role)...
INFO Computing semantic displacement after error...
INFO Saved step_sizes.csv and displacement.csv
