Job ID:     23807580
Container:  /home/groups/mcfrank/containers/refbank-gpu
Output dir: results/run_23807580
Start:      Mon May  4 10:37:55 PDT 2026

--- Step sizes over repetitions (first 15 rows) ---
 game_id  image_id  rep_num  step_size
       0         0        2   0.000130
       0         0        3   0.000124
       0         0        4   0.000124
       0         0        5   0.000124
       0         0        6   0.000124
       0         1        2   0.000105
       0         1        3   0.000080
       0         1        4   0.000089
       0         1        5   0.000104
       0         1        6   0.000104
       0         2        2   0.000099
       0         2        3   0.000099
       0         2        4   0.000096
       0         2        5   0.000098
       0         2        6   0.000098

Mean step size reps 1-2: 0.0479
Mean step size reps 5+:  0.0087
Step sizes decrease as expected: True

--- Semantic displacement ---
Mean displacement after failure:  0.4882
Mean displacement after success:  0.2953
Larger after failure (expected):  True
Done: Mon May  4 10:38:53 PDT 2026
Results in: results/run_23807580
