Job ID:     23851534
Container:  /home/groups/mcfrank/containers/refbank-gpu
Output dir: results/run_23851534
Start:      Mon May  4 17:28:31 PDT 2026

--- Step sizes over repetitions (first 15 rows) ---
 game_id  image_id  rep_num  step_size
       0         0        2   0.260022
       0         0        3   0.140396
       0         0        4   0.070920
       0         0        5   0.042786
       0         0        6   0.028622
       0         1        2   0.341104
       0         1        3   0.161104
       0         1        4   0.093257
       0         1        5   0.091087
       0         1        6   0.062696
       0         2        2   0.261625
       0         2        3   0.089593
       0         2        4   0.083536
       0         2        5   0.033697
       0         2        6   0.022542

Mean step size reps 1-2: 0.2465
Mean step size reps 5+:  0.0600
Step sizes decrease as expected: True

--- Semantic displacement ---
Mean displacement after failure:  0.4882
Mean displacement after success:  0.2953
Larger after failure (expected):  True
Done: Mon May  4 17:29:32 PDT 2026
Results in: results/run_23851534
